// Jest Snapshot v1, https://goo.gl/fbAQLP

exports[`Snapshot 1`] = `
Object {
  "Parameters": Object {
    "BootstrapVersion": Object {
      "Default": "/cdk-bootstrap/hnb659fds/version",
      "Description": "Version of the CDK Bootstrap resources in this environment, automatically retrieved from SSM Parameter Store. [cdk:skip]",
      "Type": "AWS::SSM::Parameter::Value<String>",
    },
  },
  "Resources": Object {
    "p6cdkgithubcvealertercarerevdevfmsgithubcvealerterAlias7943DAF2": Object {
      "Properties": Object {
        "AliasName": "alias/carerev-dev-fms-github-cve-alerter",
        "TargetKeyId": Object {
          "Fn::GetAtt": Array [
            "p6cdkgithubcvealertercarerevdevfmsgithubcvealerterBE2CA3A2",
            "Arn",
          ],
        },
      },
      "Type": "AWS::KMS::Alias",
    },
    "p6cdkgithubcvealertercarerevdevfmsgithubcvealerterBE2CA3A2": Object {
      "DeletionPolicy": "Retain",
      "Properties": Object {
        "EnableKeyRotation": true,
        "KeyPolicy": Object {
          "Statement": Array [
            Object {
              "Action": "kms:*",
              "Effect": "Allow",
              "Principal": Object {
                "AWS": Object {
                  "Fn::Join": Array [
                    "",
                    Array [
                      "arn:",
                      Object {
                        "Ref": "AWS::Partition",
                      },
                      ":iam::",
                      Object {
                        "Ref": "AWS::AccountId",
                      },
                      ":root",
                    ],
                  ],
                },
              },
              "Resource": "*",
            },
          ],
          "Version": "2012-10-17",
        },
      },
      "Type": "AWS::KMS::Key",
      "UpdateReplacePolicy": "Retain",
    },
    "p6cdkgithubcvealerterpublisherFDA911E2": Object {
      "DependsOn": Array [
        "p6cdkgithubcvealerterpublisherServiceRoleDefaultPolicy16FEC26E",
        "p6cdkgithubcvealerterpublisherServiceRoleA3F2A8B3",
      ],
      "Properties": Object {
        "Code": Object {
          "S3Bucket": Object {
            "Fn::Sub": "cdk-hnb659fds-assets-\${AWS::AccountId}-\${AWS::Region}",
          },
          "S3Key": "710eb05b1b179cd95e870bea5087e876fea743d7b5c1aff22e1f095a05241298.zip",
        },
        "Environment": Object {
          "Variables": Object {
            "AWS_NODEJS_CONNECTION_REUSE_ENABLED": "1",
          },
        },
        "Handler": "index.handler",
        "Role": Object {
          "Fn::GetAtt": Array [
            "p6cdkgithubcvealerterpublisherServiceRoleA3F2A8B3",
            "Arn",
          ],
        },
        "Runtime": "nodejs14.x",
        "Timeout": 10,
        "TracingConfig": Object {
          "Mode": "Active",
        },
      },
      "Type": "AWS::Lambda::Function",
    },
    "p6cdkgithubcvealerterpublisherServiceRoleA3F2A8B3": Object {
      "Properties": Object {
        "AssumeRolePolicyDocument": Object {
          "Statement": Array [
            Object {
              "Action": "sts:AssumeRole",
              "Effect": "Allow",
              "Principal": Object {
                "Service": "lambda.amazonaws.com",
              },
            },
          ],
          "Version": "2012-10-17",
        },
        "ManagedPolicyArns": Array [
          Object {
            "Fn::Join": Array [
              "",
              Array [
                "arn:",
                Object {
                  "Ref": "AWS::Partition",
                },
                ":iam::aws:policy/service-role/AWSLambdaBasicExecutionRole",
              ],
            ],
          },
        ],
      },
      "Type": "AWS::IAM::Role",
    },
    "p6cdkgithubcvealerterpublisherServiceRoleDefaultPolicy16FEC26E": Object {
      "Properties": Object {
        "PolicyDocument": Object {
          "Statement": Array [
            Object {
              "Action": Array [
                "xray:PutTraceSegments",
                "xray:PutTelemetryRecords",
              ],
              "Effect": "Allow",
              "Resource": "*",
            },
            Object {
              "Action": Array [
                "dynamodb:BatchGetItem",
                "dynamodb:GetRecords",
                "dynamodb:GetShardIterator",
                "dynamodb:Query",
                "dynamodb:GetItem",
                "dynamodb:Scan",
                "dynamodb:ConditionCheckItem",
                "dynamodb:BatchWriteItem",
                "dynamodb:PutItem",
                "dynamodb:UpdateItem",
                "dynamodb:DeleteItem",
                "dynamodb:DescribeTable",
              ],
              "Effect": "Allow",
              "Resource": Array [
                Object {
                  "Fn::GetAtt": Array [
                    "p6cdkgithubcvealertertable0AF88BC6",
                    "Arn",
                  ],
                },
                Object {
                  "Ref": "AWS::NoValue",
                },
              ],
            },
            Object {
              "Action": Array [
                "kms:Decrypt",
                "kms:DescribeKey",
                "kms:Encrypt",
                "kms:ReEncrypt*",
                "kms:GenerateDataKey*",
              ],
              "Effect": "Allow",
              "Resource": Object {
                "Fn::GetAtt": Array [
                  "p6cdkgithubcvealertercarerevdevfmsgithubcvealerterBE2CA3A2",
                  "Arn",
                ],
              },
            },
          ],
          "Version": "2012-10-17",
        },
        "PolicyName": "p6cdkgithubcvealerterpublisherServiceRoleDefaultPolicy16FEC26E",
        "Roles": Array [
          Object {
            "Ref": "p6cdkgithubcvealerterpublisherServiceRoleA3F2A8B3",
          },
        ],
      },
      "Type": "AWS::IAM::Policy",
    },
    "p6cdkgithubcvealerterscheduleRule188E8E5F": Object {
      "Properties": Object {
        "ScheduleExpression": "cron(*/1 * * * ? *)",
        "State": "ENABLED",
        "Targets": Array [
          Object {
            "Arn": Object {
              "Fn::GetAtt": Array [
                "p6cdkgithubcvealerterpublisherFDA911E2",
                "Arn",
              ],
            },
            "Id": "Target0",
          },
        ],
      },
      "Type": "AWS::Events::Rule",
    },
    "p6cdkgithubcvealerterscheduleRuleAllowEventRuletestp6cdkgithubcvealerterpublisherFF81FB8F09B569ED": Object {
      "Properties": Object {
        "Action": "lambda:InvokeFunction",
        "FunctionName": Object {
          "Fn::GetAtt": Array [
            "p6cdkgithubcvealerterpublisherFDA911E2",
            "Arn",
          ],
        },
        "Principal": "events.amazonaws.com",
        "SourceArn": Object {
          "Fn::GetAtt": Array [
            "p6cdkgithubcvealerterscheduleRule188E8E5F",
            "Arn",
          ],
        },
      },
      "Type": "AWS::Lambda::Permission",
    },
    "p6cdkgithubcvealertertable0AF88BC6": Object {
      "DeletionPolicy": "Retain",
      "Properties": Object {
        "AttributeDefinitions": Array [
          Object {
            "AttributeName": "id",
            "AttributeType": "S",
          },
        ],
        "BillingMode": "PAY_PER_REQUEST",
        "ContributorInsightsSpecification": Object {
          "Enabled": true,
        },
        "KeySchema": Array [
          Object {
            "AttributeName": "id",
            "KeyType": "HASH",
          },
        ],
        "SSESpecification": Object {
          "KMSMasterKeyId": Object {
            "Fn::GetAtt": Array [
              "p6cdkgithubcvealertercarerevdevfmsgithubcvealerterBE2CA3A2",
              "Arn",
            ],
          },
          "SSEEnabled": true,
          "SSEType": "KMS",
        },
        "TableClass": "STANDARD_INFREQUENT_ACCESS",
      },
      "Type": "AWS::DynamoDB::Table",
      "UpdateReplacePolicy": "Retain",
    },
  },
  "Rules": Object {
    "CheckBootstrapVersion": Object {
      "Assertions": Array [
        Object {
          "Assert": Object {
            "Fn::Not": Array [
              Object {
                "Fn::Contains": Array [
                  Array [
                    "1",
                    "2",
                    "3",
                    "4",
                    "5",
                  ],
                  Object {
                    "Ref": "BootstrapVersion",
                  },
                ],
              },
            ],
          },
          "AssertDescription": "CDK bootstrap stack version 6 required. Please run 'cdk bootstrap' with a recent version of the CDK CLI.",
        },
      ],
    },
  },
}
`;
